Archive member included to satisfy reference by file (symbol)

c:/spc5studio/eclipse/plugins/com.st.tools.spc5.tools.gnu.gcc.ppcvle.win32_4.9.4.20190604105544/toolchain/bin/../lib/gcc/powerpc-eabivle/4.9.4/../../../../powerpc-eabivle/lib\libc.a(lib_a-memset.o)
                              build/obj/Bsw_Eeprom.o (memset)
c:/spc5studio/eclipse/plugins/com.st.tools.spc5.tools.gnu.gcc.ppcvle.win32_4.9.4.20190604105544/toolchain/bin/../lib/gcc/powerpc-eabivle/4.9.4/../../../../powerpc-eabivle/lib\libc.a(lib_a-rand.o)
                              build/obj/Uds_Func.o (srand)
c:/spc5studio/eclipse/plugins/com.st.tools.spc5.tools.gnu.gcc.ppcvle.win32_4.9.4.20190604105544/toolchain/bin/../lib/gcc/powerpc-eabivle/4.9.4/../../../../powerpc-eabivle/lib\libc.a(lib_a-impure.o)
                              c:/spc5studio/eclipse/plugins/com.st.tools.spc5.tools.gnu.gcc.ppcvle.win32_4.9.4.20190604105544/toolchain/bin/../lib/gcc/powerpc-eabivle/4.9.4/../../../../powerpc-eabivle/lib\libc.a(lib_a-rand.o) (_impure_ptr)
./components/flash_driver/lib/src/c55_freegcc.a(SetLock.o)
                              build/obj/eeprom_lld.o (SetLock)
./components/flash_driver/lib/src/c55_freegcc.a(FlashProgram.o)
                              build/obj/eeprom_lld.o (FlashProgram)
./components/flash_driver/lib/src/c55_freegcc.a(FlashInit.o)
                              build/obj/eeprom_lld.o (FlashInit)
./components/flash_driver/lib/src/c55_freegcc.a(FlashErase.o)
                              build/obj/eeprom_lld.o (FlashErase)
./components/flash_driver/lib/src/c55_freegcc.a(FlashCheckStatus.o)
                              build/obj/eeprom_lld.o (FlashCheckStatus)
./components/flash_driver/lib/src/c55_freegcc.a(BlankCheck.o)
                              build/obj/eeprom_lld.o (BlankCheck)
c:/spc5studio/eclipse/plugins/com.st.tools.spc5.tools.gnu.gcc.ppcvle.win32_4.9.4.20190604105544/toolchain/bin/../lib/gcc/powerpc-eabivle/4.9.4\libgcc.a(_ucmpdi2.o)
                              build/obj/eeprom.o (__ucmpdi2)

Discarded input sections

 .text          0x00000000        0x0 build/obj/boot.o
 .data          0x00000000        0x0 build/obj/boot.o
 .bss           0x00000000        0x0 build/obj/boot.o
 .text          0x00000000        0x0 build/obj/crt0.o
 .data          0x00000000        0x0 build/obj/crt0.o
 .bss           0x00000000        0x0 build/obj/crt0.o
 .text          0x00000000        0x0 build/obj/vectors.o
 .data          0x00000000        0x0 build/obj/vectors.o
 .bss           0x00000000        0x0 build/obj/vectors.o
 .text          0x00000000        0x0 build/obj/ivor.o
 .data          0x00000000        0x0 build/obj/ivor.o
 .bss           0x00000000        0x0 build/obj/ivor.o
 .text          0x00000000        0x0 build/obj/eeprom.o
 .data          0x00000000        0x0 build/obj/eeprom.o
 .bss           0x00000000        0x0 build/obj/eeprom.o
 .text.eeprom_remove
                0x00000000       0x7a build/obj/eeprom.o
 .text.eeprom_delete
                0x00000000       0x56 build/obj/eeprom.o
 .text          0x00000000        0x0 build/obj/eeprom_lld.o
 .data          0x00000000        0x0 build/obj/eeprom_lld.o
 .bss           0x00000000        0x0 build/obj/eeprom_lld.o
 .text          0x00000000        0x0 build/obj/spc5_lld.o
 .data          0x00000000        0x0 build/obj/spc5_lld.o
 .bss           0x00000000        0x0 build/obj/spc5_lld.o
 .text          0x00000000        0x0 build/obj/spc5_edma.o
 .data          0x00000000        0x0 build/obj/spc5_edma.o
 .bss           0x00000000        0x0 build/obj/spc5_edma.o
 .text.edmaChannelAllocate
                0x00000000       0x70 build/obj/spc5_edma.o
 .text.edmaChannelRelease
                0x00000000       0x46 build/obj/spc5_edma.o
 .text          0x00000000        0x0 build/obj/pal.o
 .data          0x00000000        0x0 build/obj/pal.o
 .bss           0x00000000        0x0 build/obj/pal.o
 .text._pal_readgroup
                0x00000000        0x4 build/obj/pal.o
 .text._pal_writegroup
                0x00000000        0x2 build/obj/pal.o
 .text._pal_setgroupmode
                0x00000000       0x28 build/obj/pal.o
 .text          0x00000000        0x0 build/obj/clock.o
 .data          0x00000000        0x0 build/obj/clock.o
 .bss           0x00000000        0x0 build/obj/clock.o
 .text.SPCGetSystemClock
                0x00000000       0x98 build/obj/clock.o
 .rodata.SPCGetSystemClock
                0x00000000       0x14 build/obj/clock.o
 .text.SPCGetPeripheralClock
                0x00000000       0x12 build/obj/clock.o
 .text          0x00000000        0x0 build/obj/irq.o
 .data          0x00000000        0x0 build/obj/irq.o
 .bss           0x00000000        0x0 build/obj/irq.o
 .text          0x00000000        0x0 build/obj/eirq.o
 .data          0x00000000        0x0 build/obj/eirq.o
 .bss           0x00000000        0x0 build/obj/eirq.o
 .text          0x00000000        0x0 build/obj/osal.o
[...]
Memory Configuration

Name             Origin             Length             Attributes
flash            0x00fc8000         0x00078000
dataflash        0x00800000         0x00008000
ram              0x40000000         0x0000c000
*default*        0x00000000         0xffffffff

Linker script and memory map

LOAD build/obj/boot.o
LOAD build/obj/crt0.o
LOAD build/obj/vectors.o
LOAD build/obj/ivor.o
LOAD build/obj/eeprom.o
LOAD build/obj/eeprom_lld.o
LOAD build/obj/spc5_lld.o
LOAD build/obj/spc5_edma.o
LOAD build/obj/pal.o
LOAD build/obj/clock.o
LOAD build/obj/irq.o
LOAD build/obj/eirq.o
LOAD build/obj/osal.o
LOAD build/obj/systimer.o
LOAD build/obj/eeprom_cfg.o
LOAD build/obj/eeprom_lld_cfg.o
LOAD build/obj/board.o
LOAD build/obj/irq_cfg.o
LOAD build/obj/eirq_cfg.o
LOAD build/obj/main.o
LOAD build/obj/Rte.o
LOAD build/obj/Bsw_Eeprom.o
LOAD build/obj/Bsw_Can.o
LOAD build/obj/Bsw_Pwm.o
LOAD build/obj/Bsw_Adc.o
LOAD build/obj/Bsw_PIT.o
LOAD build/obj/Hal_Pwm.o
LOAD build/obj/Hal_Adc.o
LOAD build/obj/Hal_PIT.o
LOAD build/obj/Hal_Can.o
LOAD build/obj/Uds_Func.o
LOAD build/obj/Tp_Func.o
LOAD build/obj/GpFunc.o
LOAD build/obj/Asw_Utility.o
LOAD build/obj/Asw_StateMachine.o
LOAD build/obj/Asw_DtcMng.o
LOAD build/obj/Asw_FaultDetection.o
LOAD build/obj/Asw_Pid.o
LOAD build/obj/components.o
LOAD c:/spc5studio/eclipse/plugins/com.st.tools.spc5.tools.gnu.gcc.ppcvle.win32_4.9.4.20190604105544/toolchain/bin/../lib/gcc/powerpc-eabivle/4.9.4/../../../../powerpc-eabivle/lib\libm.a
LOAD c:/spc5studio/eclipse/plugins/com.st.tools.spc5.tools.gnu.gcc.ppcvle.win32_4.9.4.20190604105544/toolchain/bin/../lib/gcc/powerpc-eabivle/4.9.4/../../../../powerpc-eabivle/lib\libc.a
                0x00000000                __irq_stack_size__ = 0x0
                0x00000800                __process_stack_size__ = 0x800
                0x00078000                __flash_size__ = LENGTH (flash)
                0x00fc8000                __flash_start__ = ORIGIN (flash)
                0x01040000                __flash_end__ = (ORIGIN (flash) + LENGTH (flash))
                0x0000c000                __ram_size__ = LENGTH (ram)
                0x40000000                __ram_start__ = ORIGIN (ram)
                0x4000c000                __ram_end__ = (ORIGIN (ram) + LENGTH (ram))
                0x00fc8000                . = ORIGIN (flash)

.boot0          0x00fc8000      0x1d2
 *(.boot)
 .boot          0x00fc8000       0xda build/obj/boot.o
                0x00fc8008                _reset_address
 *(.handlers)
 *fill*         0x00fc80da        0x6 
 .handlers      0x00fc80e0        0x4 build/obj/boot.o
                0x00fc80e0                _IVOR1
                0x00fc80e0                _IVOR11
                0x00fc80e0                _IVOR15
                0x00fc80e0                _IVOR0
                0x00fc80e0                _IVOR14
                0x00fc80e0                _unhandled_exception
                0x00fc80e0                _IVOR9
                0x00fc80e0                _IVOR2
                0x00fc80e0                _IVOR7
                0x00fc80e0                _IVOR12
                0x00fc80e0                _IVOR8
                0x00fc80e0                _IVOR3
                0x00fc80e0                _IVOR6
                0x00fc80e0                _IVOR5
                0x00fc80e0                _IVOR13
                0x00fc80e0                _IVOR10
 *fill*         0x00fc80e4        0xc 
 .handlers      0x00fc80f0       0x52 build/obj/ivor.o
                0x00fc80f0                _IVOR4
 *(.crt0)
 *fill*         0x00fc8142        0xe 
 .crt0          0x00fc8150       0x82 build/obj/crt0.o
                0x00fc8150                _boot_address
                0x00fc81c8                _main_exit_handler
                0x00fc81ce                __late_init
                0x00fc81d0                __eabi

.boot1          0x00fc81e0     0x2f14
                0x00fc9000                . = ALIGN (0x1000)
 *fill*         0x00fc81e0      0xe20 
 *(.vectors)
 .vectors       0x00fc9000     0x1002 build/obj/vectors.o
                0x00fc9000                _vectors
                0x00fca000                vector723
                0x00fca000                vector646
                0x00fca000                vector276
                0x00fca000                vector827
                0x00fca000                vector403
                0x00fca000                vector444
                0x00fca000                vector120
                0x00fca000                vector971
                0x00fca000                vector25
                0x00fca000                vector710
                0x00fca000                vector548
                0x00fca000                vector464
                0x00fca000                vector198
                0x00fca000                vector837
                0x00fca000                vector937
                0x00fca000                vector50
                0x00fca000                vector89
                0x00fca000                vector88
                0x00fca000                vector722
                0x00fca000                vector769
                0x00fca000                vector569
                0x00fca000                vector83
                0x00fca000                vector725
                0x00fca000                vector487
                0x00fca000                vector15
                0x00fca000                vector848
                0x00fca000                vector1017
                0x00fca000                vector501
                0x00fca000                vector151
                0x00fca000                vector689
                0x00fca000                vector234
                0x00fca000                vector604
                0x00fca000                vector933
                0x00fca000                vector602
                0x00fca000                vector232
                0x00fca000                vector635
                0x00fca000                vector265
                0x00fca000                vector387
                0x00fca000                vector878
                0x00fca000                vector407
                0x00fca000                vector757
                0x00fca000                vector772
                0x00fca000                vector729
                0x00fca000                vector342
                0x00fca000                vector149
                0x00fca000                vector880
                0x00fca000                vector106
                0x00fca000                vector163
                0x00fca000                vector1003
                0x00fca000                vector759
                0x00fca000                vector982
                0x00fca000                vector774
                0x00fca000                vector513
                0x00fca000                vector90
                0x00fca000                vector421
                0x00fca000                vector401
                0x00fca000                vector351
                0x00fca000                vector481
                0x00fca000                vector220
                0x00fca000                vector835
                0x00fca000                vector664
                0x00fca000                vector294
                0x00fca000                vector529
                0x00fca000                vector909
                0x00fca000                vector308
                0x00fca000                vector537
                0x00fca000                vector187
                0x00fca000                vector1015
                0x00fca000                vector886
                0x00fca000                vector225
                0x00fca000                vector680
                0x00fca000                vector494
                0x00fca000                vector599
                0x00fca000                vector424
                0x00fca000                vector843
                0x00fca000                vector467
                0x00fca000                vector804
                0x00fca000                vector370
                0x00fca000                vector337
                0x00fca000                vector1009
                0x00fca000                vector814
                0x00fca000                vector542
                0x00fca000                vector192
                0x00fca000                vector516
                0x00fca000                vector551
                0x00fca000                vector127
                0x00fca000                vector883
                0x00fca000                vector739
                0x00fca000                vector302
                0x00fca000                vector30
                0x00fca000                vector841
                0x00fca000                vector382
                0x00fca000                vector556
                0x00fca000                vector386
                0x00fca000                vector46
                0x00fca000                vector988
                0x00fca000                vector743
                0x00fca000                vector437
                0x00fca000                vector1023
                0x00fca000                vector34
                0x00fca000                vector268
                0x00fca000                vector638
                0x00fca000                vector179
                0x00fca000                vector764
                0x00fca000                vector990
                0x00fca000                vector786
                0x00fca000                vector794
                0x00fca000                vector134
                0x00fca000                vector223
                0x00fca000                vector881
                0x00fca000                vector994
                0x00fca000                vector662
                0x00fca000                vector292
                0x00fca000                vector325
                0x00fca000                vector367
                0x00fca000                vector218
                0x00fca000                vector341
                0x00fca000                vector713
                0x00fca000                vector945
                0x00fca000                vector892
                0x00fca000                vector410
                0x00fca000                vector322
                0x00fca000                vector888
                0x00fca000                vector393
                0x00fca000                vector8
                0x00fca000                vector582
                0x00fca000                vector71
                0x00fca000                vector842
                0x00fca000                vector510
                0x00fca000                vector160
                0x00fca000                vector344
                0x00fca000                vector916
                0x00fca000                vector264
                0x00fca000                vector634
                0x00fca000                vector472
                0x00fca000                vector628
                0x00fca000                vector258
                0x00fca000                vector927
                0x00fca000                vector887
                0x00fca000                vector559
                0x00fca000                vector215
                0x00fca000                vector352
                0x00fca000                vector423
                0x00fca000                vector995
                0x00fca000                vector826
                0x00fca000                vector532
                0x00fca000                vector182
                0x00fca000                vector727
                0x00fca000                vector112
                0x00fca000                vector490
                0x00fca000                vector347
                0x00fca000                vector389
                0x00fca000                vector507
                0x00fca000                vector157
                0x00fca000                vector416
                0x00fca000                vector161
                0x00fca000                vector511
                0x00fca000                vector681
                0x00fca000                vector904
                0x00fca000                vector850
                0x00fca000                vector502
                0x00fca000                vector152
                0x00fca000                vector555
                0x00fca000                vector596
                0x00fca000                vector197
                0x00fca000                vector553
                0x00fca000                vector129
                0x00fca000                vector455
                0x00fca000                vector920
                0x00fca000                vector547
                0x00fca000                vector838
                0x00fca000                vector972
                0x00fca000                vector598
                0x00fca000                vector37
                0x00fca000                vector690
                0x00fca000                vector364
                0x00fca000                vector205
                0x00fca000                vector908
                0x00fca000                vector868
                0x00fca000                vector823
                0x00fca000                vector459
                0x00fca000                vector600
                0x00fca000                vector230
                0x00fca000                vector761
                0x00fca000                vector415
                0x00fca000                vector339
                0x00fca000                vector466
                0x00fca000                vector950
                0x00fca000                vector469
                0x00fca000                vector273
                0x00fca000                vector523
                0x00fca000                vector173
                0x00fca000                vector637
                0x00fca000                vector643
                0x00fca000                vector78
                0x00fca000                vector44
                0x00fca000                vector830
                0x00fca000                vector991
                0x00fca000                vector226
                0x00fca000                vector670
                0x00fca000                vector49
                0x00fca000                vector267
                0x00fca000                vector117
                0x00fca000                vector566
                0x00fca000                vector485
                0x00fca000                vector675
                0x00fca000                vector704
                0x00fca000                vector222
                0x00fca000                vector978
                0x00fca000                vector426
                0x00fca000                vector379
                0x00fca000                vector82
                0x00fca000                vector956
                0x00fca000                vector442
                0x00fca000                vector911
                0x00fca000                vector336
                0x00fca000                vector686
                0x00fca000                vector731
                0x00fca000                vector95
                0x00fca000                vector1002
                0x00fca000                vector109
                0x00fca000                vector383
                0x00fca000                vector20
                0x00fca000                vector986
                0x00fca000                vector575
                0x00fca000                vector321
                0x00fca000                vector712
                0x00fca000                vector1000
                0x00fca000                vector12
                0x00fca000                vector1007
                0x00fca000                vector719
                0x00fca000                vector309
                0x00fca000                vector863
                0x00fca000                vector319
                0x00fca000                vector907
                0x00fca000                vector491
                0x00fca000                vector456
                0x00fca000                vector572
                0x00fca000                vector818
                0x00fca000                vector943
                0x00fca000                vector776
                0x00fca000                vector366
                0x00fca000                vector18
                0x00fca000                vector873
                0x00fca000                vector656
                0x00fca000                vector303
                0x00fca000                vector286
                0x00fca000                vector417
                0x00fca000                vector166
                0x00fca000                vector434
                0x00fca000                vector931
                0x00fca000                vector658
                0x00fca000                vector288
                0x00fca000                vector564
                0x00fca000                vector326
                0x00fca000                vector489
                0x00fca000                vector861
                0x00fca000                vector906
                0x00fca000                vector184
                0x00fca000                vector577
                0x00fca000                vector683
                0x00fca000                vector358
                0x00fca000                vector446
                0x00fca000                vector207
                0x00fca000                vector915
                0x00fca000                vector540
                0x00fca000                vector585
                0x00fca000                vector636
                0x00fca000                vector266
                0x00fca000                vector411
                0x00fca000                vector692
                0x00fca000                vector188
                0x00fca000                vector538
                0x00fca000                vector567
                0x00fca000                vector190
                0x00fca000                vector609
                0x00fca000                vector239
                0x00fca000                vector94
                0x00fca000                vector93
                0x00fca000                vector534
                0x00fca000                vector360
                0x00fca000                vector116
                0x00fca000                vector654
                0x00fca000                vector284
                0x00fca000                vector452
                0x00fca000                vector782
                0x00fca000                vector1005
                0x00fca000                vector831
                0x00fca000                vector104
                0x00fca000                vector633
                0x00fca000                vector263
                0x00fca000                vector581
                0x00fca000                vector882
                0x00fca000                vector685
                0x00fca000                vector768
                0x00fca000                vector869
                0x00fca000                vector992
                0x00fca000                vector976
                0x00fca000                vector640
                0x00fca000                vector270
                0x00fca000                vector717
                0x00fca000                vector17
                0x00fca000                vector315
                0x00fca000                vector755
                0x00fca000                vector735
                0x00fca000                vector699
                0x00fca000                vector439
                0x00fca000                vector721
                0x00fca000                vector497
                0x00fca000                vector824
                0x00fca000                vector847
                0x00fca000                vector48
                0x00fca000                vector299
                0x00fca000                vector926
                0x00fca000                vector781
                0x00fca000                vector984
                0x00fca000                vector462
                0x00fca000                vector669
                0x00fca000                vector103
                0x00fca000                vector191
                0x00fca000                vector969
                0x00fca000                vector146
                0x00fca000                vector897
                0x00fca000                vector815
                0x00fca000                vector541
                0x00fca000                vector586
                0x00fca000                vector350
                0x00fca000                vector997
                0x00fca000                vector447
                0x00fca000                vector11
                0x00fca000                vector14
                0x00fca000                vector952
                0x00fca000                vector499
                0x00fca000                vector480
                0x00fca000                vector397
                0x00fca000                vector406
                0x00fca000                vector854
                0x00fca000                vector941
                0x00fca000                vector454
                0x00fca000                vector708
                0x00fca000                vector679
                0x00fca000                vector338
                0x00fca000                vector385
                0x00fca000                vector148
                0x00fca000                vector221
                0x00fca000                vector912
                0x00fca000                vector80
                0x00fca000                vector353
                0x00fca000                vector936
                0x00fca000                vector219
                0x00fca000                vector310
                0x00fca000                vector659
                0x00fca000                vector289
                0x00fca000                vector663
                0x00fca000                vector293
                0x00fca000                vector957
                0x00fca000                vector521
                0x00fca000                vector171
                0x00fca000                vector504
                0x00fca000                vector340
                0x00fca000                vector851
                0x00fca000                vector449
                0x00fca000                vector405
                0x00fca000                vector800
                0x00fca000                vector716
                0x00fca000                vector849
                0x00fca000                vector105
                0x00fca000                vector154
                0x00fca000                vector36
                0x00fca000                vector894
                0x00fca000                vector605
                0x00fca000                vector235
                0x00fca000                vector766
                0x00fca000                vector874
                0x00fca000                vector272
                0x00fca000                vector879
                0x00fca000                vector914
                0x00fca000                vector563
                0x00fca000                vector902
                0x00fca000                vector949
                0x00fca000                vector1012
                0x00fca000                vector973
                0x00fca000                vector164
                0x00fca000                vector987
                0x00fca000                vector139
                0x00fca000                vector503
                0x00fca000                vector153
                0x00fca000                vector514
                0x00fca000                vector121
                0x00fca000                vector867
                0x00fca000                vector754
                0x00fca000                vector619
                0x00fca000                vector249
                0x00fca000                vector938
                0x00fca000                vector836
                0x00fca000                vector318
                0x00fca000                vector822
                0x00fca000                vector155
                0x00fca000                vector505
                0x00fca000                vector5
                0x00fca000                vector320
                0x00fca000                vector517
                0x00fca000                vector167
                0x00fca000                vector944
                0x00fca000                vector684
                0x00fca000                vector959
                0x00fca000                vector150
                0x00fca000                vector304
                0x00fca000                vector618
                0x00fca000                vector248
                0x00fca000                vector479
                0x00fca000                vector500
                0x00fca000                vector587
                0x00fca000                vector195
                0x00fca000                vector594
                0x00fca000                vector590
                0x00fca000                vector76
                0x00fca000                vector75
                0x00fca000                vector545
                0x00fca000                vector343
                0x00fca000                vector123
                0x00fca000                vector865
                0x00fca000                vector939
                0x00fca000                vector31
                0x00fca000                vector388
                0x00fca000                vector799
                0x00fca000                vector203
                0x00fca000                vector820
                0x00fca000                vector271
                0x00fca000                vector641
                0x00fca000                vector96
                0x00fca000                vector665
                0x00fca000                vector295
                0x00fca000                vector427
                0x00fca000                vector891
                0x00fca000                vector365
                0x00fca000                vector620
                0x00fca000                vector910
                0x00fca000                vector785
                0x00fca000                vector471
                0x00fca000                vector28
                0x00fca000                vector703
                0x00fca000                vector126
                0x00fca000                vector934
                0x00fca000                vector72
                0x00fca000                vector202
                0x00fca000                vector323
                0x00fca000                vector744
                0x00fca000                vector955
                0x00fca000                vector368
                0x00fca000                vector550
                0x00fca000                vector519
                0x00fca000                vector169
                0x00fca000                vector866
                0x00fca000                vector821
                0x00fca000                vector457
                0x00fca000                vector147
                0x00fca000                vector642
                0x00fca000                vector413
                0x00fca000                vector780
                0x00fca000                vector593
                0x00fca000                vector809
                0x00fca000                vector392
                0x00fca000                vector474
                0x00fca000                vector603
                0x00fca000                vector233
                0x00fca000                vector373
                0x00fca000                vector1019
                0x00fca000                vector698
                0x00fca000                vector441
                0x00fca000                vector756
                0x00fca000                vector787
                0x00fca000                vector749
                0x00fca000                vector204
                0x00fca000                vector726
                0x00fca000                vector283
                0x00fca000                vector250
                0x00fca000                vector591
                0x00fca000                vector124
                0x00fca000                vector110
                0x00fca000                vector653
                0x00fca000                vector966
                0x00fca000                vector484
                0x00fca000                vector630
                0x00fca000                vector668
                0x00fca000                vector298
                0x00fca000                vector657
                0x00fca000                vector287
                0x00fca000                vector22
                0x00fca000                vector247
                0x00fca000                vector617
                0x00fca000                vector923
                0x00fca000                vector260
                0x00fca000                vector137
                0x00fca000                vector979
                0x00fca000                vector330
                0x00fca000                vector561
                0x00fca000                vector893
                0x00fca000                vector6
                0x00fca000                vector279
                0x00fca000                vector277
                0x00fca000                vector69
                0x00fca000                vector607
                0x00fca000                vector237
                0x00fca000                vector27
                0x00fca000                vector647
                0x00fca000                vector579
                0x00fca000                vector477
                0x00fca000                vector425
                0x00fca000                vector118
                0x00fca000                vector328
                0x00fca000                vector918
                0x00fca000                vector70
                0x00fca000                vector468
                0x00fca000                vector312
                0x00fca000                vector132
                0x00fca000                vector355
                0x00fca000                vector661
                0x00fca000                vector291
                0x00fca000                vector970
                0x00fca000                vector998
                0x00fca000                vector217
                0x00fca000                vector1013
                0x00fca000                vector186
                0x00fca000                vector372
                0x00fca000                vector583
                0x00fca000                vector807
                0x00fca000                vector390
                0x00fca000                vector536
                0x00fca000                vector177
                0x00fca000                vector527
                0x00fca000                vector316
                0x00fca000                vector905
                0x00fca000                vector375
                0x00fca000                vector1022
                0x00fca000                vector335
                0x00fca000                vector671
                0x00fca000                vector210
                0x00fca000                vector983
                0x00fca000                vector269
                0x00fca000                vector332
                0x00fca000                vector227
                0x00fca000                vector834
                0x00fca000                vector363
                0x00fca000                vector307
                0x00fca000                vector1011
                0x00fca000                vector224
                0x00fca000                vector432
                0x00fca000                vector1018
                0x00fca000                vector728
                0x00fca000                vector21
                0x00fca000                vector803
                0x00fca000                vector872
                0x00fca000                vector41
                0x00fca000                vector378
                0x00fca000                vector790
                0x00fca000                vector381
                0x00fca000                vector346
                0x00fca000                vector940
                0x00fca000                vector738
                0x00fca000                vector436
                0x00fca000                vector650
                0x00fca000                vector924
                0x00fca000                vector993
                0x00fca000                vector613
                0x00fca000                vector492
                0x00fca000                vector495
                0x00fca000                vector174
                0x00fca000                vector524
                0x00fca000                vector450
                0x00fca000                vector362
                0x00fca000                vector101
                0x00fca000                vector211
                0x00fca000                vector418
                0x00fca000                vector889
                0x00fca000                vector128
                0x00fca000                vector753
                0x00fca000                vector844
                0x00fca000                vector16
                0x00fca000                vector960
                0x00fca000                vector714
                0x00fca000                vector595
                0x00fca000                vector946
                0x00fca000                vector51
                0x00fca000                vector460
                0x00fca000                vector13
                0x00fca000                vector81
                0x00fca000                vector552
                0x00fca000                vector765
                0x00fca000                vector1008
                0x00fca000                vector677
                0x00fca000                vector798
                0x00fca000                vector300
                0x00fca000                vector282
                0x00fca000                vector608
                0x00fca000                vector238
                0x00fca000                vector557
                0x00fca000                vector697
                0x00fca000                vector652
                0x00fca000                vector953
                0x00fca000                vector695
                0x00fca000                vector280
                0x00fca000                vector980
                0x00fca000                vector1
                0x00fca000                vector178
                0x00fca000                vector38
                0x00fca000                vector311
                0x00fca000                vector133
                0x00fca000                vector73
                0x00fca000                vector354
                0x00fca000                vector624
                0x00fca000                vector254
                0x00fca000                vector763
                0x00fca000                vector1001
                0x00fca000                vector349
                0x00fca000                vector929
                0x00fca000                vector687
                0x00fca000                vector144
                0x00fca000                vector644
                0x00fca000                vector274
                0x00fca000                vector737
                0x00fca000                vector967
                0x00fca000                vector639
                0x00fca000                vector568
                0x00fca000                vector565
                0x00fca000                vector515
                0x00fca000                vector165
                0x00fca000                vector571
                0x00fca000                vector535
                0x00fca000                vector185
                0x00fca000                vector496
                0x00fca000                vector435
                0x00fca000                vector750
                0x00fca000                vector493
                0x00fca000                vector43
                0x00fca000                vector682
                0x00fca000                vector451
                0x00fca000                vector900
                0x00fca000                vector760
                0x00fca000                vector942
                0x00fca000                vector748
                0x00fca000                vector676
                0x00fca000                vector709
                0x00fca000                vector398
                0x00fca000                vector430
                0x00fca000                vector506
                0x00fca000                vector412
                0x00fca000                vector376
                0x00fca000                vector122
                0x00fca000                vector580
                0x00fca000                vector333
                0x00fca000                vector817
                0x00fca000                vector115
                0x00fca000                vector578
                0x00fca000                vector947
                0x00fca000                vector108
                0x00fca000                vector626
                0x00fca000                vector256
                0x00fca000                vector621
                0x00fca000                vector251
                0x00fca000                vector429
                0x00fca000                vector720
                0x00fca000                vector86
                0x00fca000                vector87
                0x00fca000                vector767
                0x00fca000                vector612
                0x00fca000                vector242
                0x00fca000                vector119
                0x00fca000                vector829
                0x00fca000                _unhandled_irq
                0x00fca000                vector584
                0x00fca000                vector345
                0x00fca000                vector666
                0x00fca000                vector296
                0x00fca000                vector715
                0x00fca000                vector213
                0x00fca000                vector985
                0x00fca000                vector419
                0x00fca000                vector162
                0x00fca000                vector512
                0x00fca000                vector718
                0x00fca000                vector762
                0x00fca000                vector795
                0x00fca000                vector91
                0x00fca000                vector33
                0x00fca000                vector156
                0x00fca000                vector975
                0x00fca000                vector404
                0x00fca000                vector348
                0x00fca000                vector141
                0x00fca000                vector812
                0x00fca000                vector859
                0x00fca000                vector954
                0x00fca000                vector770
                0x00fca000                vector99
                0x00fca000                vector999
                0x00fca000                vector819
                0x00fca000                vector783
                0x00fca000                vector214
                0x00fca000                vector870
                0x00fca000                vector961
                0x00fca000                vector740
                0x00fca000                vector919
                0x00fca000                vector253
                0x00fca000                vector3
                0x00fca000                vector2
                0x00fca000                vector359
                0x00fca000                vector833
                0x00fca000                vector623
                0x00fca000                vector876
                0x00fca000                vector241
                0x00fca000                vector522
                0x00fca000                vector172
                0x00fca000                vector877
                0x00fca000                vector461
                0x00fca000                vector611
                0x00fca000                vector257
                0x00fca000                vector627
                0x00fca000                vector802
                0x00fca000                vector431
                0x00fca000                vector380
                0x00fca000                vector862
                0x00fca000                vector24
                0x00fca000                vector7
                0x00fca000                vector189
                0x00fca000                vector475
                0x00fca000                vector615
                0x00fca000                vector816
                0x00fca000                vector306
                0x00fca000                vector1014
                0x00fca000                vector539
                0x00fca000                vector111
                0x00fca000                vector711
                0x00fca000                vector930
                0x00fca000                vector562
                0x00fca000                vector773
                0x00fca000                vector138
                0x00fca000                vector864
                0x00fca000                vector74
                0x00fca000                vector974
                0x00fca000                vector928
                0x00fca000                vector736
                0x00fca000                vector200
                0x00fca000                vector655
                0x00fca000                vector285
                0x00fca000                vector414
                0x00fca000                vector476
                0x00fca000                vector839
                0x00fca000                vector989
                0x00fca000                vector601
                0x00fca000                vector231
                0x00fca000                vector968
                0x00fca000                vector29
                0x00fca000                vector135
                0x00fca000                vector734
                0x00fca000                vector384
                0x00fca000                vector278
                0x00fca000                vector747
                0x00fca000                vector606
                0x00fca000                vector236
                0x00fca000                vector1020
                0x00fca000                vector648
                0x00fca000                vector796
                0x00fca000                vector420
                0x00fca000                vector314
                0x00fca000                vector632
                0x00fca000                vector262
                0x00fca000                vector996
                0x00fca000                vector751
                0x00fca000                vector208
                0x00fca000                vector180
                0x00fca000                vector463
                0x00fca000                vector530
                0x00fca000                vector771
                0x00fca000                vector357
                0x00fca000                vector925
                0x00fca000                vector77
                0x00fca000                vector408
                0x00fca000                vector329
                0x00fca000                vector932
                0x00fca000                vector903
                0x00fca000                vector554
                0x00fca000                vector327
                0x00fca000                vector374
                0x00fca000                vector201
                0x00fca000                vector962
                0x00fca000                vector811
                0x00fca000                vector100
                0x00fca000                vector9
                0x00fca000                vector860
                0x00fca000                vector142
                0x00fca000                vector458
                0x00fca000                vector394
                0x00fca000                vector745
                0x00fca000                vector935
                0x00fca000                vector792
                0x00fca000                vector977
                0x00fca000                vector473
                0x00fca000                vector23
                0x00fca000                vector779
                0x00fca000                vector488
                0x00fca000                vector758
                0x00fca000                vector470
                0x00fca000                vector445
                0x00fca000                vector597
                0x00fca000                vector361
                0x00fca000                vector845
                0x00fca000                vector631
                0x00fca000                vector261
                0x00fca000                vector482
                0x00fca000                vector438
                0x00fca000                vector443
                0x00fca000                vector145
                0x00fca000                vector777
                0x00fca000                vector964
                0x00fca000                vector107
                0x00fca000                vector696
                0x00fca000                vector853
                0x00fca000                vector422
                0x00fca000                vector651
                0x00fca000                vector281
                0x00fca000                vector805
                0x00fca000                vector1021
                0x00fca000                vector570
                0x00fca000                vector40
                0x00fca000                vector732
                0x00fca000                vector486
                0x00fca000                vector724
                0x00fca000                vector746
                0x00fca000                vector855
                0x00fca000                vector963
                0x00fca000                vector649
                0x00fca000                vector1010
                0x00fca000                vector921
                0x00fca000                vector700
                0x00fca000                vector465
                0x00fca000                vector898
                0x00fca000                vector789
                0x00fca000                vector301
                0x00fca000                vector102
                0x00fca000                vector896
                0x00fca000                vector730
                0x00fca000                vector176
                0x00fca000                vector857
                0x00fca000                vector544
                0x00fca000                vector194
                0x00fca000                vector32
                0x00fca000                vector526
                0x00fca000                vector396
                0x00fca000                vector97
                0x00fca000                vector573
                0x00fca000                vector707
                0x00fca000                vector784
                0x00fca000                vector402
                0x00fca000                vector98
                0x00fca000                vector693
                0x00fca000                vector951
                0x00fca000                vector810
                0x00fca000                vector252
                0x00fca000                vector0
                0x00fca000                vector828
                0x00fca000                vector667
                0x00fca000                vector297
                0x00fca000                vector622
                0x00fca000                vector775
                0x00fca000                vector131
                0x00fca000                vector549
                0x00fca000                vector199
                0x00fca000                vector741
                0x00fca000                vector448
                0x00fca000                vector589
                0x00fca000                vector331
                0x00fca000                vector705
                0x00fca000                vector858
                0x00fca000                vector313
                0x00fca000                vector895
                0x00fca000                vector483
                0x00fca000                vector813
                0x00fca000                vector702
                0x00fca000                vector409
                0x00fca000                vector840
                0x00fca000                vector440
                0x00fca000                vector125
                0x00fca000                vector1016
                0x00fca000                vector645
                0x00fca000                vector275
                0x00fca000                vector793
                0x00fca000                vector391
                0x00fca000                vector324
                0x00fca000                vector981
                0x00fca000                vector588
                0x00fca000                vector660
                0x00fca000                vector290
                0x00fca000                vector629
                0x00fca000                vector259
                0x00fca000                vector196
                0x00fca000                vector546
                0x00fca000                vector193
                0x00fca000                vector356
                0x00fca000                vector216
                0x00fca000                vector26
                0x00fca000                vector875
                0x00fca000                vector543
                0x00fca000                vector885
                0x00fca000                vector113
                0x00fca000                vector733
                0x00fca000                vector778
                0x00fca000                vector614
                0x00fca000                vector1006
                0x00fca000                vector140
                0x00fca000                vector92
                0x00fca000                vector305
                0x00fca000                vector846
                0x00fca000                vector610
                0x00fca000                vector240
                0x00fca000                vector791
                0x00fca000                vector19
                0x00fca000                vector453
                0x00fca000                vector498
                0x00fca000                vector806
                0x00fca000                vector797
                0x00fca000                vector518
                0x00fca000                vector168
                0x00fca000                vector592
                0x00fca000                vector871
                0x00fca000                vector35
                0x00fca000                vector39
                0x00fca000                vector428
                0x00fca000                vector673
                0x00fca000                vector45
                0x00fca000                vector79
                0x00fca000                vector508
                0x00fca000                vector158
                0x00fca000                vector752
                0x00fca000                vector209
                0x00fca000                vector369
                0x00fca000                vector856
                0x00fca000                vector672
                0x00fca000                vector576
                0x00fca000                vector899
                0x00fca000                vector47
                0x00fca000                vector212
                0x00fca000                vector159
                0x00fca000                vector509
                0x00fca000                vector558
                0x00fca000                vector574
                0x00fca000                vector825
                0x00fca000                vector533
                0x00fca000                vector183
                0x00fca000                vector948
                0x00fca000                vector228
                0x00fca000                vector42
                0x00fca000                vector958
                0x00fca000                vector377
                0x00fca000                vector130
                0x00fca000                vector788
                0x00fca000                vector616
                0x00fca000                vector913
                0x00fca000                vector143
                0x00fca000                vector175
                0x00fca000                vector334
                0x00fca000                vector114
                0x00fca000                vector901
                0x00fca000                vector674
                0x00fca000                vector525
                0x00fca000                vector84
                0x00fca000                vector85
                0x00fca000                vector1004
                0x00fca000                vector832
                0x00fca000                vector395
                0x00fca000                vector520
                0x00fca000                vector170
                0x00fca000                vector399
                0x00fca000                vector706
                0x00fca000                vector4
                0x00fca000                vector433
                0x00fca000                vector917
                0x00fca000                vector852
                0x00fca000                vector478
                0x00fca000                vector965
                0x00fca000                vector136
                0x00fca000                vector10
                0x00fca000                vector694
                0x00fca000                vector371
                0x00fca000                vector531
                0x00fca000                vector181
                0x00fca000                vector890
                0x00fca000                vector801
                0x00fca000                vector317
                0x00fca000                vector400
                0x00fca000                vector255
                0x00fca000                vector808
                0x00fca000                vector206
                0x00fca000                vector560
                0x00fca000                vector922
                0x00fca000                vector625
                0x00fca000                vector884
                0x00fcb000                . = ALIGN (0x1000)
 *fill*         0x00fca002      0xffe 
                0x00fcb000                __ivpr_base__ = .
 *(.ivors)
 .ivors         0x00fcb000       0xf4 build/obj/boot.o
                0x00fcb000                IVORS

constructors    0x00fcb0f4        0x0
                [!provide]                PROVIDE (__init_array_start, .)
 *(SORT(.init_array.*))
 *(.init_array)
                [!provide]                PROVIDE (__init_array_end, .)

destructors     0x00fcb0f4        0x0
                [!provide]                PROVIDE (__fini_array_start, .)
 *(.fini_array)
 *(SORT(.fini_array.*))
                [!provide]                PROVIDE (__fini_array_end, .)

.text_vle
 *(.text_vle)
 *(.text_vle.*)
 *(.gnu.linkonce.t_vle.*)
 *(.vletext)
 *(.vletext.*)()
 *(.ghs.linkonce.t_vle.*)()

.text           0x00fcb100     0x633a
 *(.text)
 .text          0x00fcb100       0x20 c:/spc5studio/eclipse/plugins/com.st.tools.spc5.tools.gnu.gcc.ppcvle.win32_4.9.4.20190604105544/toolchain/bin/../lib/gcc/powerpc-eabivle/4.9.4\libgcc.a(_ucmpdi2.o)
                0x00fcb100                __ucmpdi2
 *(.text.*)
 .text.eeprom_init
                0x00fcb120       0x18 build/obj/eeprom.o
                0x00fcb120                eeprom_init
 *fill*         0x00fcb138        0x8 
 .text.eeprom_start
                0x00fcb140      0x232 build/obj/eeprom.o
                0x00fcb140                eeprom_start
 *fill*         0x00fcb372        0xe 
 .text.eeprom_searchID
                0x00fcb380       0x9e build/obj/eeprom.o
                0x00fcb380                eeprom_searchID
 *fill*         0x00fcb41e        0x2 
 .text.eeprom_read
                0x00fcb420       0x82 build/obj/eeprom.o
                0x00fcb420                eeprom_read
 *fill*         0x00fcb4a2        0xe 
 .text.eeprom_blockswap
                0x00fcb4b0      0x1be build/obj/eeprom.o
                0x00fcb4b0                eeprom_blockswap
 *fill*         0x00fcb66e        0x2 
 .text.eeprom_write
                0x00fcb670      0x236 build/obj/eeprom.o
                0x00fcb670                eeprom_write
 *fill*         0x00fcb8a6        0xa 
 .text.eeprom_lld_flashinit
                0x00fcb8b0       0x2c build/obj/eeprom_lld.o
                0x00fcb8b0                eeprom_lld_flashinit
 *fill*         0x00fcb8dc        0x4 
 .text.eeprom_lld_unlock
                0x00fcb8e0       0x28 build/obj/eeprom_lld.o
                0x00fcb8e0                eeprom_lld_unlock
 *fill*         0x00fcb908        0x8 
 .text.eeprom_lld_flasherase
                0x00fcb910       0x72 build/obj/eeprom_lld.o
                0x00fcb910                eeprom_lld_flasherase
 *fill*         0x00fcb982        0xe 
 .text.eeprom_lld_flashprogram64
                0x00fcb990       0x72 build/obj/eeprom_lld.o
                0x00fcb990                eeprom_lld_flashprogram64
 *fill*         0x00fcba02        0xe 
 .text.eeprom_lld_blankcheck
                0x00fcba10       0x38 build/obj/eeprom_lld.o
                0x00fcba10                eeprom_lld_blankcheck
 *fill*         0x00fcba48        0x8 
 .text.spc5LLDInit
                0x00fcba50       0x14 build/obj/spc5_lld.o
                0x00fcba50                spc5LLDInit
 *fill*         0x00fcba64        0xc 
 .text.vector52
                0x00fcba70       0x74 build/obj/spc5_edma.o
                0x00fcba70                vector52
 *fill*         0x00fcbae4        0xc 
 .text.vector53
                0x00fcbaf0       0x3e build/obj/spc5_edma.o
                0x00fcbaf0                vector53
 *fill*         0x00fcbb2e        0x2 
 .text.vector54
                0x00fcbb30       0x3e build/obj/spc5_edma.o
                0x00fcbb30                vector54
 *fill*         0x00fcbb6e        0x2 
 .text.vector55
                0x00fcbb70       0x3e build/obj/spc5_edma.o
                0x00fcbb70                vector55
 *fill*         0x00fcbbae        0x2 
 .text.vector56
                0x00fcbbb0       0x3e build/obj/spc5_edma.o
                0x00fcbbb0                vector56
 *fill*         0x00fcbbee        0x2 
 .text.vector57
                0x00fcbbf0       0x3e build/obj/spc5_edma.o
                0x00fcbbf0                vector57
 *fill*         0x00fcbc2e        0x2 
 .text.vector58
                0x00fcbc30       0x3e build/obj/spc5_edma.o
                0x00fcbc30                vector58
 *fill*         0x00fcbc6e        0x2 
 .text.vector59
                0x00fcbc70       0x3e build/obj/spc5_edma.o
                0x00fcbc70                vector59
 *fill*         0x00fcbcae        0x2 
 .text.vector60
                0x00fcbcb0       0x3e build/obj/spc5_edma.o
                0x00fcbcb0                vector60
 *fill*         0x00fcbcee        0x2 
 .text.vector61
                0x00fcbcf0       0x3e build/obj/spc5_edma.o
                0x00fcbcf0                vector61
 *fill*         0x00fcbd2e        0x2 
 .text.vector62
                0x00fcbd30       0x3e build/obj/spc5_edma.o
                0x00fcbd30                vector62
 *fill*         0x00fcbd6e        0x2 
 .text.vector63
                0x00fcbd70       0x3e build/obj/spc5_edma.o
                0x00fcbd70                vector63
 *fill*         0x00fcbdae        0x2 
 .text.vector64
                0x00fcbdb0       0x3e build/obj/spc5_edma.o
                0x00fcbdb0                vector64
 *fill*         0x00fcbdee        0x2 
 .text.vector65
                0x00fcbdf0       0x3e build/obj/spc5_edma.o
                0x00fcbdf0                vector65
 *fill*         0x00fcbe2e        0x2 
 .text.vector66
                0x00fcbe30       0x3e build/obj/spc5_edma.o
                0x00fcbe30                vector66
 *fill*         0x00fcbe6e        0x2 
 .text.vector67
                0x00fcbe70       0x3e build/obj/spc5_edma.o
                0x00fcbe70                vector67
 *fill*         0x00fcbeae        0x2 
 .text.vector68
                0x00fcbeb0       0x3e build/obj/spc5_edma.o
                0x00fcbeb0                vector68
 *fill*         0x00fcbeee        0x2 
 .text.edmaInit
                0x00fcbef0       0x66 build/obj/spc5_edma.o
                0x00fcbef0                edmaInit
 *fill*         0x00fcbf56        0xa 
 .text.pal_init
                0x00fcbf60       0x9e build/obj/pal.o
                0x00fcbf60                pal_init
 *fill*         0x00fcbffe        0x2 
 .text.SPCSetRunMode
                0x00fcc000       0x30 build/obj/clock.o
                0x00fcc000                SPCSetRunMode
 .text.clockInit
                0x00fcc030       0x20 build/obj/clock.o
                0x00fcc030                clockInit
 .text.spc_clock_init
                0x00fcc050      0x232 build/obj/clock.o
                0x00fcc050                spc_clock_init
 *fill*         0x00fcc282        0xe 
 .text.__early_init
                0x00fcc290       0x14 build/obj/clock.o
                0x00fcc290                __early_init
 *fill*         0x00fcc2a4        0xc 
 .text.SPCSetPeripheralClockMode
                0x00fcc2b0       0x30 build/obj/clock.o
                0x00fcc2b0                SPCSetPeripheralClockMode
 .text.irqInit  0x00fcc2e0       0x2c build/obj/irq.o
                0x00fcc2e0                irqInit
 *fill*         0x00fcc30c        0x4 
 .text.irqSysHalt
                0x00fcc310        0x8 build/obj/irq.o
                0x00fcc310                irqSysHalt
 *fill*         0x00fcc318        0x8 
 .text.manage_eirq_interrupt
                0x00fcc320       0x6a build/obj/eirq.o
                0x00fcc320                manage_eirq_interrupt
 *fill*         0x00fcc38a        0x6 
 .text.vector243
                0x00fcc390       0x26 build/obj/eirq.o
                0x00fcc390                vector243
 *fill*         0x00fcc3b6        0xa 
 .text.vector244
                0x00fcc3c0       0x26 build/obj/eirq.o
                0x00fcc3c0                vector244
 *fill*         0x00fcc3e6        0xa 
 .text.vector245
                0x00fcc3f0       0x26 build/obj/eirq.o
                0x00fcc3f0                vector245
 *fill*         0x00fcc416        0xa 
 .text.vector246
                0x00fcc420       0x48 build/obj/eirq.o
                0x00fcc420                vector246
 *fill*         0x00fcc468        0x8 
 .text.eirqInit
                0x00fcc470       0xce build/obj/eirq.o
                0x00fcc470                eirqInit
 *fill*         0x00fcc53e        0x2 
 .text.osalIsrDisable
                0x00fcc540       0x30 build/obj/osal.o
 .text.osalIsrEnable
                0x00fcc570       0x2a build/obj/osal.o
 *fill*         0x00fcc59a        0x6 
 .text.osalInit
                0x00fcc5a0        0x2 build/obj/osal.o
                0x00fcc5a0                osalInit
 *fill*         0x00fcc5a2        0xe 
 .text.osalEnterCriticalFromISR
                0x00fcc5b0       0x14 build/obj/osal.o
                0x00fcc5b0                osalEnterCriticalFromISR
 *fill*         0x00fcc5c4        0xc 
 .text.osalExitCriticalFromISR
                0x00fcc5d0       0x14 build/obj/osal.o
                0x00fcc5d0                osalExitCriticalFromISR
 *fill*         0x00fcc5e4        0xc 
 .text.boardInit
                0x00fcc5f0       0x1c build/obj/board.o
                0x00fcc5f0                boardInit
 *fill*         0x00fcc60c        0x4 
 .text.irq_cfg_init
                0x00fcc610        0x2 build/obj/irq_cfg.o
                0x00fcc610                irq_cfg_init
 *fill*         0x00fcc612        0xe 
 .text.main     0x00fcc620       0x30 build/obj/main.o
                0x00fcc620                main
 .text.Rte_Init
                0x00fcc650       0x68 build/obj/Rte.o
                0x00fcc650                Rte_Init
 *fill*         0x00fcc6b8        0x8 
 .text.Rte_TimeTaskCtrl
                0x00fcc6c0      0x114 build/obj/Rte.o
                0x00fcc6c0                Rte_TimeTaskCtrl
 *fill*         0x00fcc7d4        0xc 
 .text.EEP_UPDATE_EEPROM
                0x00fcc7e0       0x9c build/obj/Bsw_Eeprom.o
                0x00fcc7e0                EEP_UPDATE_EEPROM
 *fill*         0x00fcc87c        0x4 
 .text.EEP_EEPROM_INIT
                0x00fcc880       0x2c build/obj/Bsw_Eeprom.o
                0x00fcc880                EEP_EEPROM_INIT
 *fill*         0x00fcc8ac        0x4 
 .text.EEP_EEPROM_READ
                0x00fcc8b0       0x5c build/obj/Bsw_Eeprom.o
                0x00fcc8b0                EEP_EEPROM_READ
 *fill*         0x00fcc90c        0x4 
 .text.EEP_GET_WRITE_BUFFER
                0x00fcc910        0xa build/obj/Bsw_Eeprom.o
                0x00fcc910                EEP_GET_WRITE_BUFFER
 *fill*         0x00fcc91a        0x6 
 .text.utils_memcpy
                0x00fcc920       0x1c build/obj/Bsw_Eeprom.o
                0x00fcc920                utils_memcpy
 *fill*         0x00fcc93c        0x4 
 .text.Bsw_CAN1_Init
                0x00fcc940       0x14 build/obj/Bsw_Can.o
                0x00fcc940                Bsw_CAN1_Init
 *fill*         0x00fcc954        0xc 
 .text.Bsw_CAN2_Init
                0x00fcc960       0x14 build/obj/Bsw_Can.o
                0x00fcc960                Bsw_CAN2_Init
 *fill*         0x00fcc974        0xc 
 .text.Bsw_Can_Tx
                0x00fcc980       0xe8 build/obj/Bsw_Can.o
                0x00fcc980                Bsw_Can_Tx
 *fill*         0x00fcca68        0x8 
 .text.Bsw_Can_Rx
                0x00fcca70       0xb2 build/obj/Bsw_Can.o
                0x00fcca70                Bsw_Can_Rx
 *fill*         0x00fccb22        0xe 
 .text.Bsw_Can_DM1_Init
                0x00fccb30       0x4e build/obj/Bsw_Can.o
                0x00fccb30                Bsw_Can_DM1_Init
 *fill*         0x00fccb7e        0x2 
 .text.Bsw_Can_DM1_Transmitter
                0x00fccb80      0x5c6 build/obj/Bsw_Can.o
                0x00fccb80                Bsw_Can_DM1_Transmitter
 *fill*         0x00fcd146        0xa 
 .text.Bsw_PwmInit
                0x00fcd150       0x14 build/obj/Bsw_Pwm.o
                0x00fcd150                Bsw_PwmInit
 *fill*         0x00fcd164        0xc 
 .text.Bsw_PwmSetShift
                0x00fcd170       0x14 build/obj/Bsw_Pwm.o
                0x00fcd170                Bsw_PwmSetShift
 *fill*         0x00fcd184        0xc 
 .text.Bsw_PwmEnable
                0x00fcd190       0x14 build/obj/Bsw_Pwm.o
                0x00fcd190                Bsw_PwmEnable
 *fill*         0x00fcd1a4        0xc 
 .text.Bsw_PwmDisable
                0x00fcd1b0       0x14 build/obj/Bsw_Pwm.o
                0x00fcd1b0                Bsw_PwmDisable
 *fill*         0x00fcd1c4        0xc 
 .text.Bsw_AdcInit
                0x00fcd1d0       0x14 build/obj/Bsw_Adc.o
                0x00fcd1d0                Bsw_AdcInit
 *fill*         0x00fcd1e4        0xc 
 .text.Bsw_ADC2REAL
                0x00fcd1f0       0x2e build/obj/Bsw_Adc.o
                0x00fcd1f0                Bsw_ADC2REAL
 *fill*         0x00fcd21e        0x2 
 .text.Bsw_PIT_Init
                0x00fcd220       0x14 build/obj/Bsw_PIT.o
                0x00fcd220                Bsw_PIT_Init
 *fill*         0x00fcd234        0xc 
 .text.Hal_PwmInit
                0x00fcd240      0x266 build/obj/Hal_Pwm.o
                0x00fcd240                Hal_PwmInit
 *fill*         0x00fcd4a6        0xa 
 .text.Hal_PwmSetShift
                0x00fcd4b0       0x12 build/obj/Hal_Pwm.o
                0x00fcd4b0                Hal_PwmSetShift
 *fill*         0x00fcd4c2        0xe 
 .text.Hal_PwmEnable
                0x00fcd4d0       0x36 build/obj/Hal_Pwm.o
                0x00fcd4d0                Hal_PwmEnable
 *fill*         0x00fcd506        0xa 
 .text.Hal_PwmDisable
                0x00fcd510       0x34 build/obj/Hal_Pwm.o
                0x00fcd510                Hal_PwmDisable
 *fill*         0x00fcd544        0xc 
 .text.vector742
                0x00fcd550       0x4e build/obj/Hal_Pwm.o
                0x00fcd550                vector742
 *fill*         0x00fcd59e        0x2 
 .text.Hal_MovingAvg
                0x00fcd5a0       0x2c build/obj/Hal_Adc.o
 *fill*         0x00fcd5cc        0x4 
 .text.Hal_AdcInit
                0x00fcd5d0       0x76 build/obj/Hal_Adc.o
                0x00fcd5d0                Hal_AdcInit
 *fill*         0x00fcd646        0xa 
 .text.Hal_Adc_Start
                0x00fcd650       0x10 build/obj/Hal_Adc.o
                0x00fcd650                Hal_Adc_Start
 .text.vector528
                0x00fcd660      0x15e build/obj/Hal_Adc.o
                0x00fcd660                vector528
 *fill*         0x00fcd7be        0x2 
 .text.Hal_PIT_Init
                0x00fcd7c0       0x44 build/obj/Hal_PIT.o
                0x00fcd7c0                Hal_PIT_Init
 *fill*         0x00fcd804        0xc 
 .text.Get_PIT_CH3_CVAL
                0x00fcd810        0xa build/obj/Hal_PIT.o
                0x00fcd810                Get_PIT_CH3_CVAL
 *fill*         0x00fcd81a        0x6 
 .text.vector229
                0x00fcd820       0x90 build/obj/Hal_PIT.o
                0x00fcd820                vector229
 .text.Hal_CAN1_Init
                0x00fcd8b0      0x1da build/obj/Hal_Can.o
                0x00fcd8b0                Hal_CAN1_Init
 *fill*         0x00fcda8a        0x6 
 .text.Hal_CAN2_Init
                0x00fcda90      0x1d8 build/obj/Hal_Can.o
                0x00fcda90                Hal_CAN2_Init
 *fill*         0x00fcdc68        0x8 
 .text.CAN1_Drv_SendFrame
                0x00fcdc70       0x9e build/obj/Hal_Can.o
                0x00fcdc70                CAN1_Drv_SendFrame
 *fill*         0x00fcdd0e        0x2 
 .text.CAN2_Drv_SendFrame
                0x00fcdd10       0x9e build/obj/Hal_Can.o
                0x00fcdd10                CAN2_Drv_SendFrame
 *fill*         0x00fcddae        0x2 
 .text.vector691
                0x00fcddb0      0x186 build/obj/Hal_Can.o
                0x00fcddb0                vector691
 *fill*         0x00fcdf36        0xa 
 .text.vector678
                0x00fcdf40      0x186 build/obj/Hal_Can.o
                0x00fcdf40                vector678
 *fill*         0x00fce0c6        0xa 
 .text.vector701
                0x00fce0d0       0x24 build/obj/Hal_Can.o
                0x00fce0d0                vector701
 *fill*         0x00fce0f4        0xc 
 .text.vector688
                0x00fce100       0x24 build/obj/Hal_Can.o
                0x00fce100                vector688
 *fill*         0x00fce124        0xc 
 .text.UdsSendResponse
                0x00fce130       0x7c build/obj/Uds_Func.o
 *fill*         0x00fce1ac        0x4 
 .text.ApplDescProcessDiagnosticSessionControl
                0x00fce1b0      0x152 build/obj/Uds_Func.o
 *fill*         0x00fce302        0xe 
 .text.ApplDescProcessSecurityAccess
                0x00fce310      0x210 build/obj/Uds_Func.o
 .text.ApplDescProcessWriteDataByIdentifier
                0x00fce520      0x190 build/obj/Uds_Func.o
 .text.ApplDescProcessReadDataByIdentifier
                0x00fce6b0      0x1d0 build/obj/Uds_Func.o
 .text.ApplDescProcessClearDiagnosticInformation
                0x00fce880       0x76 build/obj/Uds_Func.o
 *fill*         0x00fce8f6        0xa 
 .text.ApplDescProcessReadDTCInformation
                0x00fce900      0x14e build/obj/Uds_Func.o
 *fill*         0x00fcea4e        0x2 
 .text.ApplDescProcessControlDTCSetting
                0x00fcea50       0x90 build/obj/Uds_Func.o
 .text.ApplDescProcessTesterPresent
                0x00fceae0       0x3a build/obj/Uds_Func.o
 *fill*         0x00fceb1a        0x6 
 .text.ApplDescProcessCommunicatonControl
                0x00fceb20      0x110 build/obj/Uds_Func.o
 .text.ApplDescProcessEcuReset
                0x00fcec30       0x42 build/obj/Uds_Func.o
 *fill*         0x00fcec72        0xe 
 .text.Uds_Func_Init
                0x00fcec80       0x48 build/obj/Uds_Func.o
                0x00fcec80                Uds_Func_Init
 *fill*         0x00fcecc8        0x8 
 .text.Uds_Func
                0x00fcecd0      0x27a build/obj/Uds_Func.o
                0x00fcecd0                Uds_Func
 *fill*         0x00fcef4a        0x6 
 .text.TpSendFrame
                0x00fcef50       0xa6 build/obj/Tp_Func.o
 *fill*         0x00fceff6        0xa 
 .text.TpFlowControlFrame
                0x00fcf000       0x26 build/obj/Tp_Func.o
 *fill*         0x00fcf026        0xa 
 .text.Tp_Func_Init
                0x00fcf030       0x58 build/obj/Tp_Func.o
                0x00fcf030                Tp_Func_Init
 *fill*         0x00fcf088        0x8 
 .text.Tp_Func  0x00fcf090      0x10a build/obj/Tp_Func.o
                0x00fcf090                Tp_Func
 *fill*         0x00fcf19a        0x6 
 .text.TpRecvProc
                0x00fcf1a0      0x2a2 build/obj/Tp_Func.o
                0x00fcf1a0                TpRecvProc
 *fill*         0x00fcf442        0xe 
 .text.TpSingleFrame
                0x00fcf450       0x5a build/obj/Tp_Func.o
                0x00fcf450                TpSingleFrame
 *fill*         0x00fcf4aa        0x6 
 .text.TpFirstFrame
                0x00fcf4b0       0x70 build/obj/Tp_Func.o
                0x00fcf4b0                TpFirstFrame
 .text.Flash_Drv_Program
                0x00fcf520       0x6c build/obj/GpFunc.o
 *fill*         0x00fcf58c        0x4 
 .text.Gp_Func_Init
                0x00fcf590       0x2c build/obj/GpFunc.o
                0x00fcf590                Gp_Func_Init
 *fill*         0x00fcf5bc        0x4 
 .text.UDS_EEP_ReadDataByIdentifier
                0x00fcf5c0        0x4 build/obj/GpFunc.o
                0x00fcf5c0                UDS_EEP_ReadDataByIdentifier
 *fill*         0x00fcf5c4        0xc 
 .text.UDS_WDT_PulseOut
                0x00fcf5d0       0x12 build/obj/GpFunc.o
                0x00fcf5d0                UDS_WDT_PulseOut
 *fill*         0x00fcf5e2        0xe 
 .text.Flash_Drv_Erase
                0x00fcf5f0       0xae build/obj/GpFunc.o
 *fill*         0x00fcf69e        0x2 
 .text.SetBootMode
                0x00fcf6a0       0x48 build/obj/GpFunc.o
                0x00fcf6a0                SetBootMode
 *fill*         0x00fcf6e8        0x8 
 .text.Asw_GetIgnSts
                0x00fcf6f0        0x4 build/obj/Asw_Utility.o
                0x00fcf6f0                Asw_GetIgnSts
 *fill*         0x00fcf6f4        0xc 
 .text.Asw_DTC_Eeprom_Write
                0x00fcf700       0xcc build/obj/Asw_Utility.o
                0x00fcf700                Asw_DTC_Eeprom_Write
 *fill*         0x00fcf7cc        0x4 
 .text.Asw_DID_Eeprom_Read
                0x00fcf7d0       0x86 build/obj/Asw_Utility.o
                0x00fcf7d0                Asw_DID_Eeprom_Read
 *fill*         0x00fcf856        0xa 
 .text.Asw_DID_Eeprom_Write
                0x00fcf860       0x6e build/obj/Asw_Utility.o
                0x00fcf860                Asw_DID_Eeprom_Write
 *fill*         0x00fcf8ce        0x2 
 .text.Asw_IoRef_TemperDerating
                0x00fcf8d0       0x94 build/obj/Asw_Utility.o
                0x00fcf8d0                Asw_IoRef_TemperDerating
 *fill*         0x00fcf964        0xc 
 .text.Asw_LDC_OFF
                0x00fcf970       0x26 build/obj/Asw_Utility.o
                0x00fcf970                Asw_LDC_OFF
 *fill*         0x00fcf996        0xa 
 .text.GetRecoveryError
                0x00fcf9a0       0x42 build/obj/Asw_StateMachine.o
 *fill*         0x00fcf9e2        0xe 
 .text.GetNonRecoveryError
                0x00fcf9f0       0x1e build/obj/Asw_StateMachine.o
 *fill*         0x00fcfa0e        0x2 
 .text.Asw_LDC_Operation
                0x00fcfa10      0x47a build/obj/Asw_StateMachine.o
                0x00fcfa10                Asw_LDC_Operation
 *fill*         0x00fcfe8a        0x6 
 .text.DtcSetNormalFromError
                0x00fcfe90        0xe build/obj/Asw_DtcMng.o
 *fill*         0x00fcfe9e        0x2 
 .text.DtcMng_DtcCodeUpdate
                0x00fcfea0      0x2f0 build/obj/Asw_DtcMng.o
                0x00fcfea0                DtcMng_DtcCodeUpdate
 .text.Asw_Diagnostic_OverMode
                0x00fd0190       0x62 build/obj/Asw_FaultDetection.o
 *fill*         0x00fd01f2        0xe 
 .text.Asw_Diagnostic_NormalMode
                0x00fd0200       0x48 build/obj/Asw_FaultDetection.o
 *fill*         0x00fd0248        0x8 
 .text.Asw_Diagnostic_UnderMode
                0x00fd0250       0x6c build/obj/Asw_FaultDetection.o
 *fill*         0x00fd02bc        0x4 
 .text.Asw_Diagnostic_Init
                0x00fd02c0       0xb6 build/obj/Asw_FaultDetection.o
                0x00fd02c0                Asw_Diagnostic_Init
 *fill*         0x00fd0376        0xa 
 .text.Asw_Diagnostic_Fault
                0x00fd0380      0x5d8 build/obj/Asw_FaultDetection.o
                0x00fd0380                Asw_Diagnostic_Fault
 *fill*         0x00fd0958        0x8 
 .text.Asw_PI_Init
                0x00fd0960       0x52 build/obj/Asw_Pid.o
                0x00fd0960                Asw_PI_Init
 *fill*         0x00fd09b2        0xe 
 .text.Asw_PI_Controller
                0x00fd09c0       0xf4 build/obj/Asw_Pid.o
                0x00fd09c0                Asw_PI_Controller
 *fill*         0x00fd0ab4        0xc 
 .text.Asw_Ramp
                0x00fd0ac0       0x36 build/obj/Asw_Pid.o
                0x00fd0ac0                Asw_Ramp
 *fill*         0x00fd0af6        0xa 
 .text.componentsInit
                0x00fd0b00       0x2c build/obj/components.o
                0x00fd0b00                componentsInit
 *fill*         0x00fd0b2c        0x4 
 .text.srand    0x00fd0b30       0x14 c:/spc5studio/eclipse/plugins/com.st.tools.spc5.tools.gnu.gcc.ppcvle.win32_4.9.4.20190604105544/toolchain/bin/../lib/gcc/powerpc-eabivle/4.9.4/../../../../powerpc-eabivle/lib\libc.a(lib_a-rand.o)
                0x00fd0b30                srand
 *fill*         0x00fd0b44        0xc 
 .text.rand     0x00fd0b50       0x4a c:/spc5studio/eclipse/plugins/com.st.tools.spc5.tools.gnu.gcc.ppcvle.win32_4.9.4.20190604105544/toolchain/bin/../lib/gcc/powerpc-eabivle/4.9.4/../../../../powerpc-eabivle/lib\libc.a(lib_a-rand.o)
                0x00fd0b50                rand
 *fill*         0x00fd0b9a        0x6 
 .text.SetLock  0x00fd0ba0      0x17e ./components/flash_driver/lib/src/c55_freegcc.a(SetLock.o)
                0x00fd0ba0                SetLock
 *fill*         0x00fd0d1e        0x2 
 .text.FlashProgram
                0x00fd0d20      0x168 ./components/flash_driver/lib/src/c55_freegcc.a(FlashProgram.o)
                0x00fd0d20                FlashProgram
 *fill*         0x00fd0e88        0x8 
 .text.FlashInit
                0x00fd0e90       0x8e ./components/flash_driver/lib/src/c55_freegcc.a(FlashInit.o)
                0x00fd0e90                FlashInit
 *fill*         0x00fd0f1e        0x2 
 .text.FlashErase
                0x00fd0f20      0x1b2 ./components/flash_driver/lib/src/c55_freegcc.a(FlashErase.o)
                0x00fd0f20                FlashErase
 *fill*         0x00fd10d2        0xe 
 .text.FlashCheckStatus
                0x00fd10e0      0x2c8 ./components/flash_driver/lib/src/c55_freegcc.a(FlashCheckStatus.o)
                0x00fd10e0                FlashCheckStatus
 *fill*         0x00fd13a8        0x8 
 .text.BlankCheck
                0x00fd13b0       0x8a ./components/flash_driver/lib/src/c55_freegcc.a(BlankCheck.o)
                0x00fd13b0                BlankCheck
 *(.gnu.linkonce.t.*)

.glink          0x00fd143a        0x0
 .glink         0x00fd143a        0x0 build/obj/boot.o

.rodata         0x00fd1440      0x258
 *(.glue_7t)
 *(.glue_7)
 *(.gcc*)
 *(.rodata)
 *(.rodata.*)
 .rodata.dma1_g0
                0x00fd1440       0x10 build/obj/spc5_edma.o
 .rodata.spc_mscr_mux_init
                0x00fd1450       0x12 build/obj/board.o
 *fill*         0x00fd1462        0xe 
 .rodata.spc_mscr_io_init
                0x00fd1470       0x98 build/obj/board.o
 *fill*         0x00fd1508        0x8 
 .rodata.pal_default_config
                0x00fd1510        0x8 build/obj/board.o
 *fill*         0x00fd1518        0x8 
 .rodata.eirqconf
                0x00fd1520        0x8 build/obj/eirq_cfg.o
                0x00fd1520                eirqconf
 *fill*         0x00fd1528        0x8 
 .rodata.ApplDescProcessReadDataByIdentifier
                0x00fd1530       0x3c build/obj/Uds_Func.o
 *fill*         0x00fd156c        0x4 
 .rodata.ApplDescProcessCommunicatonControl
                0x00fd1570       0x10 build/obj/Uds_Func.o
 .rodata.sts_DescService.11695
                0x00fd1580       0x58 build/obj/Uds_Func.o
 *fill*         0x00fd15d8        0x8 
 .rodata.TpRecvProc
                0x00fd15e0       0x10 build/obj/Tp_Func.o
 .rodata.u8g_Asw_DTC_CODE_Array
                0x00fd15f0       0x14 build/obj/Asw_Utility.o
                0x00fd15f0                u8g_Asw_DTC_CODE_Array
 *fill*         0x00fd1604        0xc 
 .rodata.Asw_LDC_Operation
                0x00fd1610       0x20 build/obj/Asw_StateMachine.o
 .rodata.Asw_Diagnostic_Fault
                0x00fd1630       0x10 build/obj/Asw_FaultDetection.o
 .rodata.str1.4
                0x00fd1640        0x4 c:/spc5studio/eclipse/plugins/com.st.tools.spc5.tools.gnu.gcc.ppcvle.win32_4.9.4.20190604105544/toolchain/bin/../lib/gcc/powerpc-eabivle/4.9.4/../../../../powerpc-eabivle/lib\libc.a(lib_a-impure.o)
                                  0x2 (size before relaxing)
 *fill*         0x00fd1644        0xc 
 .rodata.SetLock
                0x00fd1650       0x18 ./components/flash_driver/lib/src/c55_freegcc.a(SetLock.o)
 *fill*         0x00fd1668        0x8 
 .rodata.FlashErase
                0x00fd1670       0x10 ./components/flash_driver/lib/src/c55_freegcc.a(FlashErase.o)
 .rodata.FlashCheckStatus
                0x00fd1680       0x18 ./components/flash_driver/lib/src/c55_freegcc.a(FlashCheckStatus.o)
 *(.rodata1)

.sdata2         0x00fd16a0        0x0
                0x00fd96a0                __sdata2_start__ = (. + 0x8000)
 *(.sdata2)
 .sdata2        0x00fd16a0        0x0 build/obj/boot.o
 *(.sdata2.*)
 *(.gnu.linkonce.s2.*)
 *(.sbss2)
 *(.sbss2.*)
 *(.gnu.linkonce.sb2.*)

.eh_frame_hdr
 *(.eh_frame_hdr)

.eh_frame       0x00fd16a0        0x0
 *(.eh_frame)
 .eh_frame      0x00fd16a0        0x0 build/obj/boot.o

.rela.dyn       0x00fd16a0        0x0
 .rela.iplt     0x00fd16a0        0x0 build/obj/boot.o
 .rela.vectors  0x00fd16a0        0x0 build/obj/boot.o
 .rela.text.eeprom_lld_flashinit
                0x00fd16a0        0x0 build/obj/boot.o
 .rela.text.eeprom_lld_unlock
                0x00fd16a0        0x0 build/obj/boot.o
 .rela.text.eeprom_lld_flasherase
                0x00fd16a0        0x0 build/obj/boot.o
 .rela.text.eeprom_lld_flashprogram64
                0x00fd16a0        0x0 build/obj/boot.o
 .rela.text.eeprom_lld_blankcheck
                0x00fd16a0        0x0 build/obj/boot.o
 .rela.text.manage_eirq_interrupt
                0x00fd16a0        0x0 build/obj/boot.o
 .rela.text.eirqInit
                0x00fd16a0        0x0 build/obj/boot.o
 .rela.text.main
                0x00fd16a0        0x0 build/obj/boot.o
 .rela.text.Rte_Init
                0x00fd16a0        0x0 build/obj/boot.o
 .rela.text.Rte_TimeTaskCtrl
                0x00fd16a0        0x0 build/obj/boot.o
 .rela.text.Bsw_Can_Tx
                0x00fd16a0        0x0 build/obj/boot.o
 .rela.text.Bsw_Can_Rx
                0x00fd16a0        0x0 build/obj/boot.o
 .rela.text.Bsw_Can_DM1_Transmitter
                0x00fd16a0        0x0 build/obj/boot.o
 .rela.text.vector229
                0x00fd16a0        0x0 build/obj/boot.o
 .rela.text.UdsSendResponse
                0x00fd16a0        0x0 build/obj/boot.o
 .rela.text.ApplDescProcessReadDataByIdentifier
                0x00fd16a0        0x0 build/obj/boot.o
 .rela.text.ApplDescProcessClearDiagnosticInformation
                0x00fd16a0        0x0 build/obj/boot.o
 .rela.text.ApplDescProcessReadDTCInformation
                0x00fd16a0        0x0 build/obj/boot.o
 .rela.text.Uds_Func
                0x00fd16a0        0x0 build/obj/boot.o
 .rela.text.UDS_EEP_WriteDataByIdentifier
                0x00fd16a0        0x0 build/obj/boot.o
 .rela.text.Asw_DTC_Eeprom_Write
                0x00fd16a0        0x0 build/obj/boot.o
 .rela.text.GetRecoveryError
                0x00fd16a0        0x0 build/obj/boot.o
 .rela.text.GetNonRecoveryError
                0x00fd16a0        0x0 build/obj/boot.o
 .rela.text.Asw_LDC_Operation
                0x00fd16a0        0x0 build/obj/boot.o
 .rela.text.DtcMng_DtcCodeUpdate
                0x00fd16a0        0x0 build/obj/boot.o
 .rela.text.srand
                0x00fd16a0        0x0 build/obj/boot.o
 .rela.text.rand
                0x00fd16a0        0x0 build/obj/boot.o

.romdata        0x00fd16a0        0x0
                0x00fd16a0                __romdata_start__ = .

.stacks         0x40000000      0x800
                0x40000000                . = ALIGN (0x8)
                0x40000000                __irq_stack_base__ = .
                0x40000000                . = (. + __irq_stack_size__)
                0x40000000                . = ALIGN (0x8)
                0x40000000                __irq_stack_end__ = .
                0x40000000                __process_stack_base__ = .
                0x40000000                __main_thread_stack_base__ = .
                0x40000800                . = (. + __process_stack_size__)
 *fill*         0x40000000      0x800 
                0x40000800                . = ALIGN (0x8)
                0x40000800                __process_stack_end__ = .
                0x40000800                __main_thread_stack_end__ = .

.data           0x40000800      0x540 load address 0x00fd16a0
                0x40000800                . = ALIGN (0x4)
                0x40000800                __data_start__ = .
 *(.data)
 *(.data.*)
 .data.blockconf
                0x40000800       0x18 build/obj/eeprom_cfg.o
                0x40000800                blockconf
 .data.eeprom_cfg
                0x40000818        0x8 build/obj/eeprom_cfg.o
                0x40000818                eeprom_cfg
 .data.ssdConfig
                0x40000820       0x4c build/obj/eeprom_lld_cfg.o
                0x40000820                ssdConfig
 .data.u8g_Hal_task_100m_cnt
                0x4000086c        0x1 build/obj/Hal_PIT.o
                0x4000086c                u8g_Hal_task_100m_cnt
 .data.u8g_Hal_task_flag_1m
                0x4000086d        0x1 build/obj/Hal_PIT.o
                0x4000086d                u8g_Hal_task_flag_1m
 .data.u8g_Hal_task_10m_cnt
                0x4000086e        0x1 build/obj/Hal_PIT.o
                0x4000086e                u8g_Hal_task_10m_cnt
 *fill*         0x4000086f        0x1 
 .data.sts_FlashCfg
                0x40000870       0x4c build/obj/GpFunc.o
 .data.pi_I     0x400008bc       0x34 build/obj/Asw_Pid.o
 .data.pi_V     0x400008f0       0x34 build/obj/Asw_Pid.o
 *fill*         0x40000924        0x4 
 .data.impure_data
                0x40000928      0x418 c:/spc5studio/eclipse/plugins/com.st.tools.spc5.tools.gnu.gcc.ppcvle.win32_4.9.4.20190604105544/toolchain/bin/../lib/gcc/powerpc-eabivle/4.9.4/../../../../powerpc-eabivle/lib\libc.a(lib_a-impure.o)
 *(.gnu.linkonce.d.*)

.sdata          0x40000d40        0x8 load address 0x00fd1be0
                0x40000d40                . = ALIGN (0x4)
                0x40008d40                __sdata_start__ = (. + 0x8000)
 *(.sdata)
 .sdata         0x40000d40        0x0 build/obj/boot.o
                0x40008d40                _SDA_BASE_
 .sdata         0x40000d40        0x8 c:/spc5studio/eclipse/plugins/com.st.tools.spc5.tools.gnu.gcc.ppcvle.win32_4.9.4.20190604105544/toolchain/bin/../lib/gcc/powerpc-eabivle/4.9.4/../../../../powerpc-eabivle/lib\libc.a(lib_a-impure.o)
                0x40000d40                _global_impure_ptr
                0x40000d44                _impure_ptr
 *(.sdata.*)
 *(.gnu.linkonce.s.*)
                0x40000d48                __data_end__ = .

.sbss           0x40000d48        0x0
                0x40000d48                __bss_start__ = .
 *(.sbss)
 *(.sbss.*)
 *(.gnu.linkonce.sb.*)
 *(.scommon)

.bss            0x40000d48      0x543 load address 0x00fd1be8
 *(.bss)
 *(.bss.*)
 .bss.EEPROMD   0x40000d48        0xc build/obj/eeprom.o
                0x40000d48                EEPROMD
 .bss.channels  0x40000d54       0x40 build/obj/spc5_edma.o
 .bss.osalIsExtIntEnable
                0x40000d94        0x4 build/obj/osal.o
 .bss.osalIsrCnt
                0x40000d98        0x4 build/obj/osal.o
 .bss.dtcBuffer.11117
                0x40000d9c       0x1d build/obj/Rte.o
 *fill*         0x40000db9        0x1 
 .bss.u16g_Rte_pwmShift
                0x40000dba        0x2 build/obj/Rte.o
                0x40000dba                u16g_Rte_pwmShift
 .bss.readBuffer
                0x40000dbc       0x28 build/obj/Bsw_Eeprom.o
 .bss.size      0x40000de4        0x4 build/obj/Bsw_Eeprom.o
 .bss.writeBuffer
                0x40000de8       0x28 build/obj/Bsw_Eeprom.o
 .bss.updateFlag
                0x40000e10        0x1 build/obj/Bsw_Eeprom.o
 *fill*         0x40000e11        0x3 
 .bss.returnvalue
                0x40000e14        0x4 build/obj/Bsw_Eeprom.o
 .bss.u16_1scnt.11115
                0x40000e18        0x2 build/obj/Bsw_Can.o
 *fill*         0x40000e1a        0x2 
 .bss.CAN_Buffer
                0x40000e1c       0x54 build/obj/Bsw_Can.o
 .bss.u8_numberofbytes.11117
                0x40000e70        0x1 build/obj/Bsw_Can.o
 *fill*         0x40000e71        0x3 
 .bss.g_can_TxData_18EBFF1A
                0x40000e74       0x10 build/obj/Bsw_Can.o
 .bss.g_can_TxData_18FECA1A
                0x40000e84       0x10 build/obj/Bsw_Can.o
 .bss.g_can_TxData_18FF041A
                0x40000e94       0x10 build/obj/Bsw_Can.o
 .bss.dtc_number.11113
                0x40000ea4        0x1 build/obj/Bsw_Can.o
 *fill*         0x40000ea5        0x3 
 .bss.g_can_TxData_18ECFF1A
                0x40000ea8       0x10 build/obj/Bsw_Can.o
 .bss.u8g_Bsw_can1ErrStatus
                0x40000eb8        0x1 build/obj/Bsw_Can.o
                0x40000eb8                u8g_Bsw_can1ErrStatus
 *fill*         0x40000eb9        0x3 
 .bss.DM1_Array
                0x40000ebc       0x14 build/obj/Bsw_Can.o
 .bss.u32s_LDC_ERR_Sts_bak.11116
                0x40000ed0        0x4 build/obj/Bsw_Can.o
 .bss.u16s_dm1_meg_cnt
                0x40000ed4        0x1 build/obj/Bsw_Can.o
 .bss.u8_numberofpackets.11118
                0x40000ed5        0x1 build/obj/Bsw_Can.o
 .bss.u8g_Bsw_can2ErrStatus
                0x40000ed6        0x1 build/obj/Bsw_Can.o
                0x40000ed6                u8g_Bsw_can2ErrStatus
 .bss.u8s_TpDt_cnt
                0x40000ed7        0x1 build/obj/Bsw_Can.o
 .bss.dtc_number_bak.11114
                0x40000ed8        0x1 build/obj/Bsw_Can.o
 .bss.u8_zerocount.11128
                0x40000ed9        0x1 build/obj/Bsw_Can.o
 .bss.u8_FFCount
                0x40000eda        0x1 build/obj/Bsw_Can.o
 *fill*         0x40000edb        0x1 
 .bss.u16g_Bsw_realVout
                0x40000edc        0x2 build/obj/Bsw_Adc.o
                0x40000edc                u16g_Bsw_realVout
 .bss.u16g_Bsw_realTemp
                0x40000ede        0x2 build/obj/Bsw_Adc.o
                0x40000ede                u16g_Bsw_realTemp
 .bss.u16g_Bsw_realIout
                0x40000ee0        0x2 build/obj/Bsw_Adc.o
                0x40000ee0                u16g_Bsw_realIout
 .bss.u16g_Bsw_realVin
                0x40000ee2        0x2 build/obj/Bsw_Adc.o
                0x40000ee2                u16g_Bsw_realVin
 .bss.u32g_Bsw_AdcIout_Q15
                0x40000ee4        0x4 build/obj/Bsw_Adc.o
                0x40000ee4                u32g_Bsw_AdcIout_Q15
 .bss.u16g_Bsw_realBatt
                0x40000ee8        0x2 build/obj/Bsw_Adc.o
                0x40000ee8                u16g_Bsw_realBatt
 *fill*         0x40000eea        0x2 
 .bss.u32g_Bsw_AdcVout_Q15
                0x40000eec        0x4 build/obj/Bsw_Adc.o
                0x40000eec                u32g_Bsw_AdcVout_Q15
 .bss.pwmB      0x40000ef0        0x4 build/obj/Hal_Pwm.o
 .bss.Hist_KeyIn.11096
                0x40000ef4        0xe build/obj/Hal_Adc.o
 .bss.Hist_Iout.11099
                0x40000f02        0xe build/obj/Hal_Adc.o
 .bss.u16g_Hal_AverAdc_KeyIn
                0x40000f10        0x2 build/obj/Hal_Adc.o
                0x40000f10                u16g_Hal_AverAdc_KeyIn
 .bss.u16g_Hal_AverAdc_Vin
                0x40000f12        0x2 build/obj/Hal_Adc.o
                0x40000f12                u16g_Hal_AverAdc_Vin
 .bss.Index.11095
                0x40000f14        0x2 build/obj/Hal_Adc.o
 .bss.u16g_Hal_AverAdc_Vout
                0x40000f16        0x2 build/obj/Hal_Adc.o
                0x40000f16                u16g_Hal_AverAdc_Vout
 .bss.u16g_Hal_AverAdc_Iout
                0x40000f18        0x2 build/obj/Hal_Adc.o
                0x40000f18                u16g_Hal_AverAdc_Iout
 .bss.Hist_Vin.11100
                0x40000f1a        0xe build/obj/Hal_Adc.o